communities_p100 ridge_raw     s0 R2=+0.6654     1.6s n_new=None
communities_p100 rf_raw        s0 R2=+0.6597     3.2s n_new=None
communities_p100 lgbm_raw      s0 R2=+0.6614     3.2s n_new=None
communities_p100 beamfeat      s0 R2=+0.6562     9.4s n_new=10
communities_p100 beamfeat_ridge s0 R2=+0.6563     9.4s n_new=10
communities_p100 ridge_raw     s1 R2=+0.5970     1.6s n_new=None
communities_p100 rf_raw        s1 R2=+0.5965     3.4s n_new=None
communities_p100 lgbm_raw      s1 R2=+0.5695     3.1s n_new=None
communities_p100 beamfeat      s1 R2=+0.6064     9.4s n_new=10
communities_p100 beamfeat_ridge s1 R2=+0.6061     9.5s n_new=10
communities_p100 ridge_raw     s2 R2=+0.6742     1.5s n_new=None
communities_p100 rf_raw        s2 R2=+0.6600     3.4s n_new=None
communities_p100 lgbm_raw      s2 R2=+0.6509     3.2s n_new=None
communities_p100 beamfeat      s2 R2=+0.6480     9.6s n_new=9
communities_p100 beamfeat_ridge s2 R2=+0.6477     9.6s n_new=9
communities_p100 ridge_raw     s3 R2=+0.6537     1.5s n_new=None
communities_p100 rf_raw        s3 R2=+0.6385     3.3s n_new=None
communities_p100 lgbm_raw      s3 R2=+0.6289     3.2s n_new=None
communities_p100 beamfeat      s3 R2=+0.6504     9.5s n_new=20
communities_p100 beamfeat_ridge s3 R2=+0.6491     9.6s n_new=20
communities_p100 ridge_raw     s4 R2=+0.6600     1.6s n_new=None
communities_p100 rf_raw        s4 R2=+0.6345     3.3s n_new=None
communities_p100 lgbm_raw      s4 R2=+0.6468     3.1s n_new=None
communities_p100 beamfeat      s4 R2=+0.6458     9.5s n_new=9
communities_p100 beamfeat_ridge s4 R2=+0.6459     9.6s n_new=9
superconduct_p81 ridge_raw     s0 R2=+0.7252     1.6s n_new=None
superconduct_p81 rf_raw        s0 R2=+0.8826     6.7s n_new=None
superconduct_p81 lgbm_raw      s0 R2=+0.8826     2.8s n_new=None
superconduct_p81 beamfeat      s0 R2=+0.7155     9.6s n_new=12
superconduct_p81 beamfeat_ridge s0 R2=+0.7154     9.6s n_new=12
superconduct_p81 ridge_raw     s1 R2=+0.7390     1.6s n_new=None
superconduct_p81 rf_raw        s1 R2=+0.8939     6.4s n_new=None
superconduct_p81 lgbm_raw      s1 R2=+0.8943     2.8s n_new=None
superconduct_p81 beamfeat      s1 R2=+0.7293     9.4s n_new=10
superconduct_p81 beamfeat_ridge s1 R2=+0.7292     9.6s n_new=10
superconduct_p81 ridge_raw     s2 R2=+0.7139     1.6s n_new=None
superconduct_p81 rf_raw        s2 R2=+0.8806     6.5s n_new=None
superconduct_p81 lgbm_raw      s2 R2=+0.8776     3.0s n_new=None
superconduct_p81 beamfeat      s2 R2=+0.7320    10.3s n_new=16
superconduct_p81 beamfeat_ridge s2 R2=+0.7321     9.8s n_new=16
superconduct_p81 ridge_raw     s3 R2=+0.7169     1.7s n_new=None
superconduct_p81 rf_raw        s3 R2=+0.8786     6.5s n_new=None
superconduct_p81 lgbm_raw      s3 R2=+0.8774     3.0s n_new=None
superconduct_p81 beamfeat      s3 R2=+0.7405    11.8s n_new=26
superconduct_p81 beamfeat_ridge s3 R2=+0.7405    10.0s n_new=26
superconduct_p81 ridge_raw     s4 R2=+0.7306     1.7s n_new=None
superconduct_p81 rf_raw        s4 R2=+0.8843     6.6s n_new=None
superconduct_p81 lgbm_raw      s4 R2=+0.8901     2.7s n_new=None
superconduct_p81 beamfeat      s4 R2=+0.7392     9.8s n_new=17
superconduct_p81 beamfeat_ridge s4 R2=+0.7392    10.0s n_new=17
tecator_p100     ridge_raw     s0 R2=+0.9460     1.5s n_new=None
tecator_p100     rf_raw        s0 R2=+0.6818     2.0s n_new=None
tecator_p100     lgbm_raw      s0 R2=+0.7389     1.8s n_new=None
tecator_p100     beamfeat      s0 R2=+0.9899     7.3s n_new=4
tecator_p100     beamfeat_ridge s0 R2=+0.9899     7.3s n_new=4
tecator_p100     ridge_raw     s1 R2=+0.9628     1.5s n_new=None
tecator_p100     rf_raw        s1 R2=+0.7894     1.9s n_new=None
tecator_p100     lgbm_raw      s1 R2=+0.7905     1.7s n_new=None
tecator_p100     beamfeat      s1 R2=+0.9923     7.4s n_new=4
tecator_p100     beamfeat_ridge s1 R2=+0.9922     7.3s n_new=4
tecator_p100     ridge_raw     s2 R2=+0.9521     1.5s n_new=None
tecator_p100     rf_raw        s2 R2=+0.7456     2.0s n_new=None
tecator_p100     lgbm_raw      s2 R2=+0.8581     1.8s n_new=None
tecator_p100     beamfeat      s2 R2=+0.9896     7.2s n_new=3
tecator_p100     beamfeat_ridge s2 R2=+0.9896     7.4s n_new=3
tecator_p100     ridge_raw     s3 R2=+0.9682     1.6s n_new=None
tecator_p100     rf_raw        s3 R2=+0.6942     1.9s n_new=None
tecator_p100     lgbm_raw      s3 R2=+0.7278     1.8s n_new=None
tecator_p100     beamfeat      s3 R2=+0.9915     7.3s n_new=4
tecator_p100     beamfeat_ridge s3 R2=+0.9915     7.3s n_new=4
tecator_p100     ridge_raw     s4 R2=+0.9577     1.5s n_new=None
tecator_p100     rf_raw        s4 R2=+0.6762     2.0s n_new=None
tecator_p100     lgbm_raw      s4 R2=+0.6622     1.9s n_new=None
tecator_p100     beamfeat      s4 R2=+0.9892     7.5s n_new=3
tecator_p100     beamfeat_ridge s4 R2=+0.9892     7.2s n_new=3
eyedata_p200     ridge_raw     s0 R2=+0.4414     1.4s n_new=None
eyedata_p200     rf_raw        s0 R2=+0.4521     2.0s n_new=None
eyedata_p200     lgbm_raw      s0 R2=-0.0603     1.7s n_new=None
eyedata_p200     beamfeat      s0 R2=+0.3673    19.5s n_new=42
eyedata_p200     beamfeat_ridge s0 R2=+0.3673    18.9s n_new=42
eyedata_p200     ridge_raw     s1 R2=+0.4690     1.4s n_new=None
eyedata_p200     rf_raw        s1 R2=+0.3575     1.9s n_new=None
eyedata_p200     lgbm_raw      s1 R2=-0.0685     1.7s n_new=None
eyedata_p200     beamfeat      s1 R2=+0.4482    19.3s n_new=39
eyedata_p200     beamfeat_ridge s1 R2=+0.4558    19.2s n_new=39
eyedata_p200     ridge_raw     s2 R2=+0.7665     1.4s n_new=None
eyedata_p200     rf_raw        s2 R2=+0.4074     2.0s n_new=None
eyedata_p200     lgbm_raw      s2 R2=+0.3186     1.6s n_new=None
eyedata_p200     beamfeat      s2 R2=+0.6964    19.3s n_new=25
eyedata_p200     beamfeat_ridge s2 R2=+0.6874    19.7s n_new=25
eyedata_p200     ridge_raw     s3 R2=-0.0396     1.4s n_new=None
eyedata_p200     rf_raw        s3 R2=+0.0756     1.9s n_new=None
eyedata_p200     lgbm_raw      s3 R2=-0.4468     1.6s n_new=None
eyedata_p200     beamfeat      s3 R2=-0.2204    19.6s n_new=21
eyedata_p200     beamfeat_ridge s3 R2=-0.2351    19.1s n_new=21
eyedata_p200     ridge_raw     s4 R2=+0.7592     1.4s n_new=None
eyedata_p200     rf_raw        s4 R2=+0.4069     2.0s n_new=None
eyedata_p200     lgbm_raw      s4 R2=+0.4138     1.7s n_new=None
eyedata_p200     beamfeat      s4 R2=+0.7861    19.2s n_new=43
eyedata_p200     beamfeat_ridge s4 R2=+0.7861    19.2s n_new=43
riboflavin_p4088 ridge_raw     s0 R2=+0.6204     1.4s n_new=None
riboflavin_p4088 rf_raw        s0 R2=+0.4001     3.0s n_new=None
riboflavin_p4088 lgbm_raw      s0 R2=+0.5187     1.8s n_new=None
riboflavin_p4088 beamfeat      s0 R2=+0.5330    41.7s n_new=19
riboflavin_p4088 beamfeat_ridge s0 R2=+0.5341    40.4s n_new=19
riboflavin_p4088 ridge_raw     s1 R2=+0.5926     1.4s n_new=None
riboflavin_p4088 rf_raw        s1 R2=+0.3254     3.0s n_new=None
riboflavin_p4088 lgbm_raw      s1 R2=+0.4717     1.8s n_new=None
riboflavin_p4088 beamfeat      s1 R2=+0.6340    41.9s n_new=18
riboflavin_p4088 beamfeat_ridge s1 R2=+0.6306    42.3s n_new=18
riboflavin_p4088 ridge_raw     s2 R2=+0.7137     1.4s n_new=None
riboflavin_p4088 rf_raw        s2 R2=+0.5943     3.0s n_new=None
riboflavin_p4088 lgbm_raw      s2 R2=+0.6731     1.8s n_new=None
riboflavin_p4088 beamfeat      s2 R2=+0.7842    40.9s n_new=14
riboflavin_p4088 beamfeat_ridge s2 R2=+0.7781    41.1s n_new=14
riboflavin_p4088 ridge_raw     s3 R2=+0.5325     1.4s n_new=None
riboflavin_p4088 rf_raw        s3 R2=+0.3718     3.0s n_new=None
riboflavin_p4088 lgbm_raw      s3 R2=+0.3135     1.7s n_new=None
riboflavin_p4088 beamfeat      s3 R2=+0.3911    41.1s n_new=15
riboflavin_p4088 beamfeat_ridge s3 R2=+0.3932    40.2s n_new=15
riboflavin_p4088 ridge_raw     s4 R2=+0.4368     1.4s n_new=None
riboflavin_p4088 rf_raw        s4 R2=+0.4882     3.1s n_new=None
riboflavin_p4088 lgbm_raw      s4 R2=+0.4869     1.8s n_new=None
riboflavin_p4088 beamfeat      s4 R2=+0.3775    41.7s n_new=21
riboflavin_p4088 beamfeat_ridge s4 R2=+0.3644    41.2s n_new=21
ct_slices_p384   ridge_raw     s0 R2=+0.8553     2.4s n_new=None
ct_slices_p384   rf_raw        s0 R2=+0.9838    19.1s n_new=None
ct_slices_p384   lgbm_raw      s0 R2=+0.9814     6.0s n_new=None
ct_slices_p384   beamfeat      s0 R2=+0.6725   675.3s n_new=16
ct_slices_p384   beamfeat_ridge s0 R2=+0.6725   158.5s n_new=16
ct_slices_p384   ridge_raw     s1 R2=+0.8503     3.2s n_new=None
ct_slices_p384   rf_raw        s1 R2=+0.9834    18.3s n_new=None
ct_slices_p384   lgbm_raw      s1 R2=+0.9852     6.1s n_new=None
ct_slices_p384   beamfeat      s1 R2=+0.6665   137.6s n_new=12
ct_slices_p384   beamfeat_ridge s1 R2=+0.6665   134.0s n_new=12
ct_slices_p384   ridge_raw     s2 R2=+0.8497     3.2s n_new=None
ct_slices_p384   rf_raw        s2 R2=+0.9793    19.7s n_new=None
ct_slices_p384   lgbm_raw      s2 R2=+0.9782     5.9s n_new=None
ct_slices_p384   beamfeat      s2 R2=+0.6911   123.1s n_new=13
ct_slices_p384   beamfeat_ridge s2 R2=+0.6911   123.3s n_new=13
ct_slices_p384   ridge_raw     s3 R2=+0.8574     3.2s n_new=None
ct_slices_p384   rf_raw        s3 R2=+0.9820    18.6s n_new=None
ct_slices_p384   lgbm_raw      s3 R2=+0.9834     6.0s n_new=None
ct_slices_p384   beamfeat      s3 R2=+0.7140   125.9s n_new=17
ct_slices_p384   beamfeat_ridge s3 R2=+0.7140   173.9s n_new=17
ct_slices_p384   ridge_raw     s4 R2=+0.8460     3.2s n_new=None
ct_slices_p384   rf_raw        s4 R2=+0.9755    19.0s n_new=None
ct_slices_p384   lgbm_raw      s4 R2=+0.9768     5.9s n_new=None
ct_slices_p384   beamfeat      s4 R2=+0.6897   123.4s n_new=12
ct_slices_p384   beamfeat_ridge s4 R2=+0.6897   123.3s n_new=12
blogfeedback_p280 ridge_raw     s0 R2=+0.3561     3.8s n_new=None
blogfeedback_p280 rf_raw        s0 R2=+0.5885     8.4s n_new=None
blogfeedback_p280 lgbm_raw      s0 R2=+0.5776     3.2s n_new=None
blogfeedback_p280 beamfeat      s0 R2=+0.3492   110.2s n_new=18
blogfeedback_p280 beamfeat_ridge s0 R2=+0.3497    83.9s n_new=18
blogfeedback_p280 ridge_raw     s1 R2=+0.3507     2.6s n_new=None
blogfeedback_p280 rf_raw        s1 R2=+0.4783     8.4s n_new=None
blogfeedback_p280 lgbm_raw      s1 R2=+0.4587     3.2s n_new=None
blogfeedback_p280 beamfeat      s1 R2=+0.3540    81.8s n_new=13
blogfeedback_p280 beamfeat_ridge s1 R2=+0.3515    82.7s n_new=13
blogfeedback_p280 ridge_raw     s2 R2=+0.3454     3.5s n_new=None
blogfeedback_p280 rf_raw        s2 R2=+0.4587     8.1s n_new=None
blogfeedback_p280 lgbm_raw      s2 R2=+0.4421     3.3s n_new=None
blogfeedback_p280 beamfeat      s2 R2=+0.3274   123.6s n_new=16
blogfeedback_p280 beamfeat_ridge s2 R2=+0.3274   105.2s n_new=16
blogfeedback_p280 ridge_raw     s3 R2=+0.4125     2.8s n_new=None
blogfeedback_p280 rf_raw        s3 R2=+0.5930     8.3s n_new=None
blogfeedback_p280 lgbm_raw      s3 R2=+0.5769     3.2s n_new=None
blogfeedback_p280 beamfeat      s3 R2=+0.5131   103.9s n_new=26
blogfeedback_p280 beamfeat_ridge s3 R2=+0.5164   102.4s n_new=26
blogfeedback_p280 ridge_raw     s4 R2=+0.4286     2.7s n_new=None
blogfeedback_p280 rf_raw        s4 R2=+0.6199     8.6s n_new=None
blogfeedback_p280 lgbm_raw      s4 R2=+0.6176     3.4s n_new=None
blogfeedback_p280 beamfeat      s4 R2=+0.5327    79.9s n_new=19
blogfeedback_p280 beamfeat_ridge s4 R2=+0.5327    88.7s n_new=19
ujiindoorloc_p520 ridge_raw     s0 R2=+0.9498     3.4s n_new=None
ujiindoorloc_p520 rf_raw        s0 R2=+0.9947     6.6s n_new=None
ujiindoorloc_p520 lgbm_raw      s0 R2=+0.9939     3.5s n_new=None
ujiindoorloc_p520 beamfeat      s0 R2=+0.8285   327.2s n_new=19
ujiindoorloc_p520 beamfeat_ridge s0 R2=+0.8285   369.1s n_new=19
ujiindoorloc_p520 ridge_raw     s1 R2=+0.9492     3.9s n_new=None
ujiindoorloc_p520 rf_raw        s1 R2=+0.9947     6.9s n_new=None
ujiindoorloc_p520 lgbm_raw      s1 R2=+0.9942     3.9s n_new=None
ujiindoorloc_p520 beamfeat      s1 R2=+0.7987   309.4s n_new=19
ujiindoorloc_p520 beamfeat_ridge s1 R2=+0.7987   722.6s n_new=19
ujiindoorloc_p520 ridge_raw     s2 R2=+0.9499     3.7s n_new=None
ujiindoorloc_p520 rf_raw        s2 R2=+0.9945     6.8s n_new=None
ujiindoorloc_p520 lgbm_raw      s2 R2=+0.9934     3.5s n_new=None
ujiindoorloc_p520 beamfeat      s2 R2=+0.8115   601.0s n_new=22
ujiindoorloc_p520 beamfeat_ridge s2 R2=+0.8115   468.8s n_new=22
ujiindoorloc_p520 ridge_raw     s3 R2=+0.9492     4.0s n_new=None
ujiindoorloc_p520 rf_raw        s3 R2=+0.9945     6.8s n_new=None
ujiindoorloc_p520 lgbm_raw      s3 R2=+0.9924     3.6s n_new=None
ujiindoorloc_p520 beamfeat      s3 R2=+0.8028   361.2s n_new=21
ujiindoorloc_p520 beamfeat_ridge s3 R2=+0.8028   416.0s n_new=21
ujiindoorloc_p520 ridge_raw     s4 R2=+0.9471     3.9s n_new=None
ujiindoorloc_p520 rf_raw        s4 R2=+0.9945     6.8s n_new=None
ujiindoorloc_p520 lgbm_raw      s4 R2=+0.9935     3.6s n_new=None
ujiindoorloc_p520 beamfeat      s4 R2=+0.8164   420.1s n_new=19
ujiindoorloc_p520 beamfeat_ridge s4 R2=+0.8164   267.2s n_new=19
geomusic_p117    ridge_raw     s0 R2=+0.8052     2.6s n_new=None
geomusic_p117    rf_raw        s0 R2=+0.7225     3.1s n_new=None
geomusic_p117    lgbm_raw      s0 R2=+0.7061     3.0s n_new=None
geomusic_p117    beamfeat      s0 R2=+0.7873    11.2s n_new=8
geomusic_p117    beamfeat_ridge s0 R2=+0.7872    11.4s n_new=8
geomusic_p117    ridge_raw     s1 R2=+0.7754     1.7s n_new=None
geomusic_p117    rf_raw        s1 R2=+0.7511     3.1s n_new=None
geomusic_p117    lgbm_raw      s1 R2=+0.7364     2.9s n_new=None
geomusic_p117    beamfeat      s1 R2=+0.7895    11.1s n_new=10
geomusic_p117    beamfeat_ridge s1 R2=+0.7893    11.4s n_new=10
geomusic_p117    ridge_raw     s2 R2=+0.8182     1.5s n_new=None
geomusic_p117    rf_raw        s2 R2=+0.7569     3.1s n_new=None
geomusic_p117    lgbm_raw      s2 R2=+0.7829     2.8s n_new=None
geomusic_p117    beamfeat      s2 R2=+0.8131    11.2s n_new=11
geomusic_p117    beamfeat_ridge s2 R2=+0.8126    11.1s n_new=11
geomusic_p117    ridge_raw     s3 R2=+0.8248     1.5s n_new=None
geomusic_p117    rf_raw        s3 R2=+0.7530     3.0s n_new=None
geomusic_p117    lgbm_raw      s3 R2=+0.7281     3.0s n_new=None
geomusic_p117    beamfeat      s3 R2=+0.8351    11.0s n_new=8
geomusic_p117    beamfeat_ridge s3 R2=+0.8349    11.1s n_new=8
geomusic_p117    ridge_raw     s4 R2=+0.7990     1.5s n_new=None
geomusic_p117    rf_raw        s4 R2=+0.7125     3.0s n_new=None
geomusic_p117    lgbm_raw      s4 R2=+0.7399     2.9s n_new=None
geomusic_p117    beamfeat      s4 R2=+0.8023    11.5s n_new=11
geomusic_p117    beamfeat_ridge s4 R2=+0.8031    11.3s n_new=11
wrote results/highdim_fast.json
