56 equivalence classes over 20 splits; 0 at frequency >= 0.5
  0.40  ((x41 - x43) / (x37 - x39))
  0.20  ((x36 - x42) / (x38 - x39))
  0.15  ((x5 - x45) / (x24 - x33))
  0.10  ((x39 - x45) / (x37 - x38))
  0.10  ((x36 - x47) / (x35 - x40))
  0.05  ((x35 - x47) / (x35 - x42))
  0.05  ((x9 - x54) / (x36 - x39))
  0.05  ((x34 - x43) / (x37 - x39))
  0.05  ((x44 - x45) * (x52 - x93))
  0.05  ((x51 / x7) + (x47 - x51))
  0.05  ((x45 / x52) + (x48 / x40))
  0.05  ((x33 - x48) / (x36 - x42))
  0.05  ((x4 - x52) / (x36 - x38))
  0.05  ((x26 / x22) * (x81 / x80))
  0.05  ((x91 - x93) / (x80 - x81))
  0.05  ((x38 - x44) * (x41 - x43))
  0.05  ((x46 - x48) * (x62 - x84))
  0.05  ((x46 - x48) / (x46 - x53))
  0.05  ((x39 - x54) / (x46 - x53))
  0.05  (log(x40) / (x26 - x31))
  0.05  ((x44 / x43) - (x40 - x41))
  0.05  ((x47 - x48) - (x38 / x42))
  0.05  ((x37 - x38) / (x55 - x94))
  0.05  ((x9 - x45) / (x47 - x52))
  0.05  (sqrt(x40) / (x23 - x32))
no features reached the stability threshold
