ab         independent    p=   10 s0     1.1s    293.7MB rec=True sel=1 false=0 fdr=True
ab         independent    p=   10 s1     1.1s    295.0MB rec=True sel=1 false=0 fdr=True
ab         independent    p=   10 s2     1.1s    294.7MB rec=True sel=1 false=0 fdr=True
ab         independent    p=   10 s3     1.0s    294.8MB rec=True sel=1 false=0 fdr=True
ab         independent    p=   10 s4     1.1s    293.3MB rec=True sel=1 false=0 fdr=True
ab         independent    p=   30 s0     1.9s    339.6MB rec=True sel=1 false=0 fdr=True
ab         independent    p=   30 s1     1.9s    339.0MB rec=True sel=1 false=0 fdr=True
ab         independent    p=   30 s2     1.8s    339.2MB rec=True sel=1 false=0 fdr=True
ab         independent    p=   30 s3     1.9s    339.3MB rec=True sel=1 false=0 fdr=True
ab         independent    p=   30 s4     1.9s    340.7MB rec=True sel=1 false=0 fdr=True
ab         independent    p=  100 s0     7.4s    528.4MB rec=True sel=1 false=0 fdr=True
ab         independent    p=  100 s1     7.5s    528.3MB rec=True sel=1 false=0 fdr=True
ab         independent    p=  100 s2     7.4s    528.3MB rec=True sel=1 false=0 fdr=True
ab         independent    p=  100 s3     7.5s    528.1MB rec=True sel=1 false=0 fdr=True
ab         independent    p=  100 s4     7.5s    528.0MB rec=True sel=1 false=0 fdr=True
ab         independent    p=  300 s0    31.9s   2542.2MB rec=True sel=1 false=0 fdr=True
ab         independent    p=  300 s1    31.6s   2541.4MB rec=True sel=1 false=0 fdr=True
ab         independent    p=  300 s2    31.4s   2541.4MB rec=True sel=1 false=0 fdr=True
ab         independent    p=  300 s3    31.3s   2540.8MB rec=True sel=1 false=0 fdr=True
ab         independent    p=  300 s4    31.8s   2541.4MB rec=True sel=1 false=0 fdr=True
ab         independent    p= 1000 s0    43.5s   2614.7MB rec=True sel=1 false=0 fdr=True
ab         independent    p= 1000 s1    43.9s   2613.5MB rec=True sel=1 false=0 fdr=True
ab         independent    p= 1000 s2    44.0s   2613.2MB rec=True sel=1 false=0 fdr=True
ab         independent    p= 1000 s3    44.6s   2614.9MB rec=True sel=1 false=0 fdr=True
ab         independent    p= 1000 s4    43.5s   2614.8MB rec=True sel=1 false=0 fdr=True
ab         equicorrelated p=   10 s0     1.0s    297.0MB rec=True sel=1 false=0 fdr=True
ab         equicorrelated p=   10 s1     1.1s    297.1MB rec=True sel=1 false=0 fdr=True
ab         equicorrelated p=   10 s2     1.1s    296.6MB rec=True sel=1 false=0 fdr=True
ab         equicorrelated p=   10 s3     1.1s    296.5MB rec=True sel=1 false=0 fdr=True
ab         equicorrelated p=   10 s4     1.1s    296.4MB rec=True sel=1 false=0 fdr=True
ab         equicorrelated p=   30 s0     1.9s    342.7MB rec=True sel=1 false=0 fdr=True
ab         equicorrelated p=   30 s1     1.9s    343.1MB rec=True sel=1 false=0 fdr=True
ab         equicorrelated p=   30 s2     1.9s    343.0MB rec=True sel=1 false=0 fdr=True
ab         equicorrelated p=   30 s3     1.9s    342.6MB rec=True sel=1 false=0 fdr=True
ab         equicorrelated p=   30 s4     1.9s    343.4MB rec=True sel=1 false=0 fdr=True
ab         equicorrelated p=  100 s0     7.5s    528.4MB rec=True sel=1 false=0 fdr=True
ab         equicorrelated p=  100 s1     7.2s    528.1MB rec=True sel=1 false=0 fdr=True
ab         equicorrelated p=  100 s2     7.4s    528.4MB rec=True sel=1 false=0 fdr=True
ab         equicorrelated p=  100 s3     7.3s    527.8MB rec=True sel=1 false=0 fdr=True
ab         equicorrelated p=  100 s4     7.8s    528.7MB rec=True sel=1 false=0 fdr=True
ab         equicorrelated p=  300 s0    31.7s   2541.6MB rec=True sel=1 false=0 fdr=True
ab         equicorrelated p=  300 s1    31.2s   2541.5MB rec=True sel=1 false=0 fdr=True
ab         equicorrelated p=  300 s2    31.9s   2541.3MB rec=True sel=1 false=0 fdr=True
ab         equicorrelated p=  300 s3    31.1s   2541.5MB rec=True sel=1 false=0 fdr=True
ab         equicorrelated p=  300 s4    32.7s   2541.5MB rec=True sel=1 false=0 fdr=True
ab         equicorrelated p= 1000 s0    44.0s   2615.7MB rec=True sel=1 false=0 fdr=True
ab         equicorrelated p= 1000 s1    43.4s   2616.1MB rec=True sel=1 false=0 fdr=True
ab         equicorrelated p= 1000 s2    45.1s   2617.2MB rec=True sel=1 false=0 fdr=True
ab         equicorrelated p= 1000 s3    44.2s   2616.3MB rec=True sel=1 false=0 fdr=True
ab         equicorrelated p= 1000 s4    43.9s   2615.9MB rec=True sel=1 false=0 fdr=True
ab_over_c  independent    p=   10 s0     1.0s    292.2MB rec=True sel=1 false=0 fdr=True
ab_over_c  independent    p=   10 s1     1.0s    292.1MB rec=True sel=1 false=0 fdr=True
ab_over_c  independent    p=   10 s2     1.0s    292.4MB rec=True sel=1 false=0 fdr=True
ab_over_c  independent    p=   10 s3     1.0s    292.3MB rec=True sel=1 false=0 fdr=True
ab_over_c  independent    p=   10 s4     1.0s    293.7MB rec=True sel=1 false=0 fdr=True
ab_over_c  independent    p=   30 s0     1.8s    341.1MB rec=True sel=1 false=0 fdr=True
ab_over_c  independent    p=   30 s1     1.8s    338.5MB rec=True sel=1 false=0 fdr=True
ab_over_c  independent    p=   30 s2     1.8s    339.2MB rec=True sel=1 false=0 fdr=True
ab_over_c  independent    p=   30 s3     1.8s    340.5MB rec=True sel=1 false=0 fdr=True
ab_over_c  independent    p=   30 s4     1.9s    339.3MB rec=True sel=1 false=0 fdr=True
ab_over_c  independent    p=  100 s0     7.5s    528.2MB rec=True sel=1 false=0 fdr=True
ab_over_c  independent    p=  100 s1     7.3s    528.1MB rec=True sel=1 false=0 fdr=True
ab_over_c  independent    p=  100 s2     7.5s    528.2MB rec=True sel=1 false=0 fdr=True
ab_over_c  independent    p=  100 s3     7.6s    528.0MB rec=True sel=1 false=0 fdr=True
ab_over_c  independent    p=  100 s4     7.3s    528.2MB rec=True sel=1 false=0 fdr=True
ab_over_c  independent    p=  300 s0    32.4s   2541.0MB rec=True sel=1 false=0 fdr=True
ab_over_c  independent    p=  300 s1    30.9s   2540.8MB rec=True sel=1 false=0 fdr=True
ab_over_c  independent    p=  300 s2    31.8s   2541.3MB rec=True sel=1 false=0 fdr=True
ab_over_c  independent    p=  300 s3    31.6s   2541.4MB rec=True sel=1 false=0 fdr=True
ab_over_c  independent    p=  300 s4    31.5s   2541.0MB rec=True sel=1 false=0 fdr=True
ab_over_c  independent    p= 1000 s0    44.5s   2614.7MB rec=True sel=1 false=0 fdr=True
ab_over_c  independent    p= 1000 s1    43.9s   2613.2MB rec=True sel=1 false=0 fdr=True
ab_over_c  independent    p= 1000 s2    43.8s   2612.5MB rec=True sel=1 false=0 fdr=True
ab_over_c  independent    p= 1000 s3    44.3s   2614.8MB rec=True sel=1 false=0 fdr=True
ab_over_c  independent    p= 1000 s4    44.2s   2614.7MB rec=True sel=1 false=0 fdr=True
ab_over_c  equicorrelated p=   10 s0     1.0s    295.4MB rec=True sel=1 false=0 fdr=True
ab_over_c  equicorrelated p=   10 s1     1.0s    294.8MB rec=True sel=1 false=0 fdr=True
ab_over_c  equicorrelated p=   10 s2     1.1s    296.3MB rec=True sel=1 false=0 fdr=True
ab_over_c  equicorrelated p=   10 s3     1.1s    295.3MB rec=True sel=1 false=0 fdr=True
ab_over_c  equicorrelated p=   10 s4     1.0s    296.8MB rec=True sel=1 false=0 fdr=True
ab_over_c  equicorrelated p=   30 s0     1.9s    341.3MB rec=True sel=1 false=0 fdr=True
ab_over_c  equicorrelated p=   30 s1     1.9s    342.9MB rec=True sel=1 false=0 fdr=True
ab_over_c  equicorrelated p=   30 s2     1.9s    345.0MB rec=True sel=1 false=0 fdr=True
ab_over_c  equicorrelated p=   30 s3     1.9s    341.2MB rec=True sel=1 false=0 fdr=True
ab_over_c  equicorrelated p=   30 s4     2.0s    342.3MB rec=True sel=1 false=0 fdr=True
ab_over_c  equicorrelated p=  100 s0     7.2s    528.6MB rec=True sel=1 false=0 fdr=True
ab_over_c  equicorrelated p=  100 s1     7.5s    528.3MB rec=True sel=1 false=0 fdr=True
ab_over_c  equicorrelated p=  100 s2     7.3s    527.9MB rec=True sel=1 false=0 fdr=True
ab_over_c  equicorrelated p=  100 s3     7.3s    528.3MB rec=True sel=1 false=0 fdr=True
ab_over_c  equicorrelated p=  100 s4     7.4s    528.0MB rec=True sel=1 false=0 fdr=True
ab_over_c  equicorrelated p=  300 s0    31.2s   2540.9MB rec=True sel=1 false=0 fdr=True
ab_over_c  equicorrelated p=  300 s1    31.8s   2541.3MB rec=True sel=1 false=0 fdr=True
ab_over_c  equicorrelated p=  300 s2    32.0s   2541.1MB rec=True sel=1 false=0 fdr=True
ab_over_c  equicorrelated p=  300 s3    32.1s   2541.3MB rec=True sel=1 false=0 fdr=True
ab_over_c  equicorrelated p=  300 s4    31.4s   2542.6MB rec=True sel=1 false=0 fdr=True
ab_over_c  equicorrelated p= 1000 s0    43.5s   2615.9MB rec=True sel=1 false=0 fdr=True
ab_over_c  equicorrelated p= 1000 s1    43.4s   2616.3MB rec=True sel=1 false=0 fdr=True
ab_over_c  equicorrelated p= 1000 s2    45.7s   2615.9MB rec=True sel=1 false=0 fdr=True
ab_over_c  equicorrelated p= 1000 s3    44.9s   2615.7MB rec=True sel=1 false=0 fdr=True
ab_over_c  equicorrelated p= 1000 s4    44.9s   2617.0MB rec=True sel=1 false=0 fdr=True
wrote results/scalability.json
