three_way      split  0 R2=+1.000 n=1
three_way      split  1 R2=+1.000 n=1
three_way      split  2 R2=+1.000 n=1
three_way      split  3 R2=+1.000 n=1
three_way      split  4 R2=+1.000 n=1
three_way      split  5 R2=+1.000 n=1
three_way      split  6 R2=+1.000 n=1
three_way      split  7 R2=+1.000 n=1
three_way      split  8 R2=+1.000 n=1
three_way      split  9 R2=+1.000 n=1
three_way      split 10 R2=+1.000 n=1
three_way      split 11 R2=+1.000 n=1
three_way      split 12 R2=+1.000 n=1
three_way      split 13 R2=+1.000 n=1
three_way      split 14 R2=+1.000 n=1
three_way      split 15 R2=+1.000 n=1
three_way      split 16 R2=+1.000 n=1
three_way      split 17 R2=+1.000 n=1
three_way      split 18 R2=+1.000 n=1
three_way      split 19 R2=+1.000 n=1
three_way      split 20 R2=+1.000 n=1
three_way      split 21 R2=+1.000 n=1
three_way      split 22 R2=+1.000 n=1
three_way      split 23 R2=+1.000 n=1
three_way      split 24 R2=+1.000 n=1
three_way      split 25 R2=+1.000 n=1
three_way      split 26 R2=+1.000 n=1
three_way      split 27 R2=+1.000 n=1
three_way      split 28 R2=+1.000 n=1
three_way      split 29 R2=+1.000 n=1
== three_way: R2 1.000+/-0.000 [1.000,1.000] Jaccard(eq) 1.00 classes 1 stable 1
distractors25  split  0 R2=+0.937 n=7
distractors25  split  1 R2=+0.937 n=5
distractors25  split  2 R2=+0.941 n=3
distractors25  split  3 R2=+0.939 n=2
distractors25  split  4 R2=+0.938 n=3
distractors25  split  5 R2=+0.939 n=5
distractors25  split  6 R2=+0.941 n=6
distractors25  split  7 R2=+0.939 n=4
distractors25  split  8 R2=+0.939 n=3
distractors25  split  9 R2=+0.940 n=6
distractors25  split 10 R2=+0.938 n=9
distractors25  split 11 R2=+0.941 n=2
distractors25  split 12 R2=+0.937 n=6
distractors25  split 13 R2=+0.942 n=3
distractors25  split 14 R2=+0.942 n=2
distractors25  split 15 R2=+0.941 n=1
distractors25  split 16 R2=+0.929 n=6
distractors25  split 17 R2=+0.939 n=3
distractors25  split 18 R2=+0.937 n=4
distractors25  split 19 R2=+0.939 n=2
distractors25  split 20 R2=+0.940 n=3
distractors25  split 21 R2=+0.935 n=7
distractors25  split 22 R2=+0.941 n=3
distractors25  split 23 R2=+0.940 n=3
distractors25  split 24 R2=+0.940 n=3
distractors25  split 25 R2=+0.940 n=3
distractors25  split 26 R2=+0.941 n=3
distractors25  split 27 R2=+0.940 n=3
distractors25  split 28 R2=+0.939 n=5
distractors25  split 29 R2=+0.942 n=3
== distractors25: R2 0.939+/-0.002 [0.929,0.942] Jaccard(eq) 0.17 classes 57 stable 1
friedman1      split  0 R2=+0.798 n=11
friedman1      split  1 R2=+0.800 n=19
friedman1      split  2 R2=+0.800 n=10
friedman1      split  3 R2=+0.777 n=12
friedman1      split  4 R2=+0.818 n=12
friedman1      split  5 R2=+0.816 n=18
friedman1      split  6 R2=+0.785 n=6
friedman1      split  7 R2=+0.819 n=23
friedman1      split  8 R2=+0.789 n=15
friedman1      split  9 R2=+0.813 n=15
friedman1      split 10 R2=+0.808 n=12
friedman1      split 11 R2=+0.790 n=17
friedman1      split 12 R2=+0.820 n=15
friedman1      split 13 R2=+0.822 n=16
friedman1      split 14 R2=+0.812 n=10
friedman1      split 15 R2=+0.796 n=9
friedman1      split 16 R2=+0.792 n=12
friedman1      split 17 R2=+0.799 n=10
friedman1      split 18 R2=+0.821 n=17
friedman1      split 19 R2=+0.818 n=22
friedman1      split 20 R2=+0.801 n=22
friedman1      split 21 R2=+0.823 n=19
friedman1      split 22 R2=+0.798 n=14
friedman1      split 23 R2=+0.791 n=8
friedman1      split 24 R2=+0.808 n=12
friedman1      split 25 R2=+0.815 n=13
friedman1      split 26 R2=+0.792 n=8
friedman1      split 27 R2=+0.795 n=14
friedman1      split 28 R2=+0.806 n=13
friedman1      split 29 R2=+0.821 n=16
== friedman1: R2 0.805+/-0.013 [0.777,0.823] Jaccard(eq) 0.15 classes 117 stable 2
diabetes       split  0 R2=+0.501 n=8
diabetes       split  1 R2=+0.493 n=5
diabetes       split  2 R2=+0.483 n=4
diabetes       split  3 R2=+0.500 n=8
diabetes       split  4 R2=+0.485 n=5
diabetes       split  5 R2=+0.526 n=5
diabetes       split  6 R2=+0.519 n=4
diabetes       split  7 R2=+0.512 n=10
diabetes       split  8 R2=+0.511 n=7
diabetes       split  9 R2=+0.479 n=6
diabetes       split 10 R2=+0.500 n=4
diabetes       split 11 R2=+0.497 n=10
diabetes       split 12 R2=+0.489 n=6
diabetes       split 13 R2=+0.494 n=4
diabetes       split 14 R2=+0.526 n=4
diabetes       split 15 R2=+0.494 n=6
diabetes       split 16 R2=+0.498 n=4
diabetes       split 17 R2=+0.485 n=6
diabetes       split 18 R2=+0.480 n=4
diabetes       split 19 R2=+0.500 n=7
diabetes       split 20 R2=+0.501 n=8
diabetes       split 21 R2=+0.509 n=5
diabetes       split 22 R2=+0.494 n=6
diabetes       split 23 R2=+0.492 n=6
diabetes       split 24 R2=+0.493 n=6
diabetes       split 25 R2=+0.451 n=4
diabetes       split 26 R2=+0.491 n=6
diabetes       split 27 R2=+0.479 n=4
diabetes       split 28 R2=+0.504 n=4
diabetes       split 29 R2=+0.488 n=5
== diabetes: R2 0.496+/-0.015 [0.451,0.526] Jaccard(eq) 0.09 classes 79 stable 1
concrete       split  0 R2=+0.858 n=22
concrete       split  1 R2=+0.834 n=10
concrete       split  2 R2=+0.849 n=17
concrete       split  3 R2=+0.850 n=26
concrete       split  4 R2=+0.850 n=25
concrete       split  5 R2=+0.842 n=12
concrete       split  6 R2=+0.850 n=16
concrete       split  7 R2=+0.841 n=12
concrete       split  8 R2=+0.847 n=17
concrete       split  9 R2=+0.846 n=28
concrete       split 10 R2=+0.845 n=16
concrete       split 11 R2=+0.857 n=22
concrete       split 12 R2=+0.847 n=15
concrete       split 13 R2=+0.838 n=21
concrete       split 14 R2=+0.837 n=10
concrete       split 15 R2=+0.847 n=17
concrete       split 16 R2=+0.844 n=16
concrete       split 17 R2=+0.865 n=28
concrete       split 18 R2=+0.844 n=20
concrete       split 19 R2=+0.843 n=11
concrete       split 20 R2=+0.856 n=19
concrete       split 21 R2=+0.854 n=26
concrete       split 22 R2=+0.851 n=22
concrete       split 23 R2=+0.854 n=19
concrete       split 24 R2=+0.832 n=13
concrete       split 25 R2=+0.849 n=17
concrete       split 26 R2=+0.849 n=13
concrete       split 27 R2=+0.844 n=22
concrete       split 28 R2=+0.841 n=13
concrete       split 29 R2=+0.849 n=15
== concrete: R2 0.847+/-0.007 [0.832,0.865] Jaccard(eq) 0.19 classes 108 stable 8
wine_red       split  0 R2=+0.387 n=16
wine_red       split  1 R2=+0.386 n=15
wine_red       split  2 R2=+0.383 n=18
wine_red       split  3 R2=+0.363 n=15
wine_red       split  4 R2=+0.396 n=24
wine_red       split  5 R2=+0.377 n=17
wine_red       split  6 R2=+0.378 n=10
wine_red       split  7 R2=+0.389 n=19
wine_red       split  8 R2=+0.392 n=21
wine_red       split  9 R2=+0.385 n=16
wine_red       split 10 R2=+0.377 n=9
wine_red       split 11 R2=+0.397 n=15
wine_red       split 12 R2=+0.406 n=29
wine_red       split 13 R2=+0.367 n=11
wine_red       split 14 R2=+0.383 n=13
wine_red       split 15 R2=+0.385 n=20
wine_red       split 16 R2=+0.363 n=9
wine_red       split 17 R2=+0.384 n=30
wine_red       split 18 R2=+0.397 n=20
wine_red       split 19 R2=+0.398 n=15
wine_red       split 20 R2=+0.375 n=15
wine_red       split 21 R2=+0.377 n=17
wine_red       split 22 R2=+0.380 n=14
wine_red       split 23 R2=+0.378 n=10
wine_red       split 24 R2=+0.399 n=11
wine_red       split 25 R2=+0.396 n=20
wine_red       split 26 R2=+0.389 n=23
wine_red       split 27 R2=+0.400 n=17
wine_red       split 28 R2=+0.371 n=29
wine_red       split 29 R2=+0.389 n=18
== wine_red: R2 0.385+/-0.011 [0.363,0.406] Jaccard(eq) 0.10 classes 171 stable 3
boston         split  0 R2=+0.794 n=27
boston         split  1 R2=+0.762 n=22
boston         split  2 R2=+0.764 n=26
boston         split  3 R2=+0.775 n=25
boston         split  4 R2=+0.816 n=28
boston         split  5 R2=+0.797 n=16
boston         split  6 R2=+0.808 n=37
boston         split  7 R2=+0.789 n=18
boston         split  8 R2=+0.668 n=16
boston         split  9 R2=+0.799 n=22
boston         split 10 R2=+0.784 n=15
boston         split 11 R2=+0.818 n=22
boston         split 12 R2=+0.785 n=22
boston         split 13 R2=+0.803 n=14
boston         split 14 R2=+0.818 n=24
boston         split 15 R2=+0.777 n=19
boston         split 16 R2=+0.779 n=9
boston         split 17 R2=+0.780 n=23
boston         split 18 R2=+0.829 n=33
boston         split 19 R2=+0.810 n=23
boston         split 20 R2=+0.780 n=23
boston         split 21 R2=+0.797 n=24
boston         split 22 R2=+0.798 n=19
boston         split 23 R2=+0.828 n=24
boston         split 24 R2=+0.815 n=24
boston         split 25 R2=+0.771 n=14
boston         split 26 R2=+0.760 n=27
boston         split 27 R2=+0.785 n=21
boston         split 28 R2=+0.786 n=11
boston         split 29 R2=+0.782 n=22
== boston: R2 0.789+/-0.029 [0.668,0.829] Jaccard(eq) 0.11 classes 225 stable 4
communities    split  0 R2=+0.646 n=11
communities    split  1 R2=+0.647 n=11
communities    split  2 R2=+0.650 n=8
communities    split  3 R2=+0.641 n=10
communities    split  4 R2=+0.642 n=9
communities    split  5 R2=+0.640 n=16
communities    split  6 R2=+0.639 n=8
communities    split  7 R2=+0.637 n=6
communities    split  8 R2=+0.647 n=10
communities    split  9 R2=+0.649 n=13
communities    split 10 R2=+0.640 n=9
communities    split 11 R2=+0.650 n=14
communities    split 12 R2=+0.650 n=13
communities    split 13 R2=+0.643 n=10
communities    split 14 R2=+0.647 n=10
communities    split 15 R2=+0.650 n=10
communities    split 16 R2=+0.645 n=12
communities    split 17 R2=+0.643 n=11
communities    split 18 R2=+0.649 n=12
communities    split 19 R2=+0.641 n=13
communities    split 20 R2=+0.633 n=8
communities    split 21 R2=+0.642 n=10
communities    split 22 R2=+0.646 n=13
communities    split 23 R2=+0.641 n=7
communities    split 24 R2=+0.643 n=11
communities    split 25 R2=+0.640 n=8
communities    split 26 R2=+0.651 n=12
communities    split 27 R2=+0.647 n=14
communities    split 28 R2=+0.647 n=10
communities    split 29 R2=+0.650 n=13
== communities: R2 0.644+/-0.004 [0.633,0.651] Jaccard(eq) 0.05 classes 214 stable 2
tecator        split  0 R2=+0.988 n=2
tecator        split  1 R2=+0.993 n=4
tecator        split  2 R2=+0.984 n=6
tecator        split  3 R2=+0.992 n=4
tecator        split  4 R2=+0.993 n=3
tecator        split  5 R2=+0.987 n=4
tecator        split  6 R2=+0.989 n=3
tecator        split  7 R2=+0.987 n=3
tecator        split  8 R2=+0.994 n=3
tecator        split  9 R2=+0.978 n=3
tecator        split 10 R2=+0.994 n=4
tecator        split 11 R2=+0.989 n=2
tecator        split 12 R2=+0.993 n=2
tecator        split 13 R2=+0.988 n=4
tecator        split 14 R2=+0.990 n=4
tecator        split 15 R2=+0.989 n=3
tecator        split 16 R2=+0.980 n=6
tecator        split 17 R2=+0.993 n=4
tecator        split 18 R2=+0.992 n=3
tecator        split 19 R2=+0.992 n=3
tecator        split 20 R2=+0.988 n=2
tecator        split 21 R2=+0.991 n=3
tecator        split 22 R2=+0.990 n=3
tecator        split 23 R2=+0.993 n=2
tecator        split 24 R2=+0.986 n=4
tecator        split 25 R2=+0.986 n=4
tecator        split 26 R2=+0.987 n=3
tecator        split 27 R2=+0.992 n=2
tecator        split 28 R2=+0.980 n=5
tecator        split 29 R2=+0.993 n=2
== tecator: R2 0.989+/-0.004 [0.978,0.994] Jaccard(eq) 0.03 classes 79 stable 0
eyedata        split  0 R2=+0.395 n=30
eyedata        split  1 R2=+0.319 n=42
eyedata        split  2 R2=+0.142 n=22
eyedata        split  3 R2=+0.284 n=16
eyedata        split  4 R2=+0.339 n=35
eyedata        split  5 R2=+0.390 n=38
eyedata        split  6 R2=+0.325 n=31
eyedata        split  7 R2=+0.321 n=29
eyedata        split  8 R2=+0.381 n=26
eyedata        split  9 R2=+0.386 n=42
eyedata        split 10 R2=+0.451 n=19
eyedata        split 11 R2=+0.437 n=40
eyedata        split 12 R2=+0.462 n=37
eyedata        split 13 R2=+0.248 n=31
eyedata        split 14 R2=+0.389 n=35
eyedata        split 15 R2=+0.199 n=34
eyedata        split 16 R2=+0.371 n=20
eyedata        split 17 R2=+0.410 n=11
eyedata        split 18 R2=+0.402 n=32
eyedata        split 19 R2=-0.073 n=16
eyedata        split 20 R2=+0.423 n=41
eyedata        split 21 R2=+0.329 n=35
eyedata        split 22 R2=+0.314 n=14
eyedata        split 23 R2=+0.368 n=26
eyedata        split 24 R2=+0.327 n=26
eyedata        split 25 R2=+0.021 n=40
eyedata        split 26 R2=+0.342 n=39
eyedata        split 27 R2=+0.302 n=39
eyedata        split 28 R2=+0.408 n=40
eyedata        split 29 R2=+0.311 n=17
== eyedata: R2 0.324+/-0.117 [-0.073,0.462] Jaccard(eq) 0.00 classes 900 stable 0
riboflavin     split  0 R2=+0.563 n=22
riboflavin     split  1 R2=+0.671 n=20
riboflavin     split  2 R2=+0.590 n=16
riboflavin     split  3 R2=+0.668 n=18
riboflavin     split  4 R2=+0.609 n=5
riboflavin     split  5 R2=+0.588 n=18
riboflavin     split  6 R2=+0.457 n=19
riboflavin     split  7 R2=+0.571 n=18
riboflavin     split  8 R2=+0.642 n=21
riboflavin     split  9 R2=+0.686 n=22
riboflavin     split 10 R2=+0.478 n=23
riboflavin     split 11 R2=+0.533 n=24
riboflavin     split 12 R2=+0.527 n=13
riboflavin     split 13 R2=+0.619 n=13
riboflavin     split 14 R2=+0.665 n=20
riboflavin     split 15 R2=+0.585 n=20
<repo>/src/beamfeat/estimators.py:768: NoDiscoveriesWarning: beamfeat: no feature passed FDR-controlled selection at target FDR 0.1 on the held-out split (on_no_discoveries='empty'). Returning no constructed features; the model will predict the training mean (regression) or class prior (classification). Set on_no_discoveries='fallback' to keep the unfiltered search output instead.
  self._run_pipeline(X, np.asarray(y), self._input_names(X, X.shape[1]))
riboflavin     split 16 R2=-0.001 n=0
riboflavin     split 17 R2=+0.587 n=20
<repo>/src/beamfeat/estimators.py:768: NoDiscoveriesWarning: beamfeat: no feature passed FDR-controlled selection at target FDR 0.1 on the held-out split (on_no_discoveries='empty'). Returning no constructed features; the model will predict the training mean (regression) or class prior (classification). Set on_no_discoveries='fallback' to keep the unfiltered search output instead.
  self._run_pipeline(X, np.asarray(y), self._input_names(X, X.shape[1]))
riboflavin     split 18 R2=-0.001 n=0
riboflavin     split 19 R2=+0.539 n=19
riboflavin     split 20 R2=+0.572 n=21
riboflavin     split 21 R2=+0.610 n=19
riboflavin     split 22 R2=+0.651 n=20
riboflavin     split 23 R2=+0.655 n=17
riboflavin     split 24 R2=+0.606 n=24
riboflavin     split 25 R2=+0.556 n=18
riboflavin     split 26 R2=+0.525 n=11
riboflavin     split 27 R2=+0.605 n=19
riboflavin     split 28 R2=+0.588 n=16
riboflavin     split 29 R2=+0.555 n=8
== riboflavin: R2 0.550+/-0.157 [-0.001,0.686] Jaccard(eq) 0.00 classes 479 stable 0
superconduct   split  0 R2=+0.740 n=18
superconduct   split  1 R2=+0.737 n=21
superconduct   split  2 R2=+0.726 n=13
superconduct   split  3 R2=+0.728 n=18
superconduct   split  4 R2=+0.728 n=18
superconduct   split  5 R2=+0.712 n=11
superconduct   split  6 R2=+0.731 n=16
superconduct   split  7 R2=+0.735 n=22
superconduct   split  8 R2=+0.719 n=20
superconduct   split  9 R2=+0.722 n=18
superconduct   split 10 R2=+0.730 n=16
superconduct   split 11 R2=+0.721 n=14
superconduct   split 12 R2=+0.726 n=22
superconduct   split 13 R2=+0.723 n=16
superconduct   split 14 R2=+0.718 n=18
superconduct   split 15 R2=+0.739 n=20
superconduct   split 16 R2=+0.715 n=18
superconduct   split 17 R2=+0.730 n=16
superconduct   split 18 R2=+0.714 n=19
superconduct   split 19 R2=+0.719 n=18
superconduct   split 20 R2=+0.725 n=19
superconduct   split 21 R2=+0.724 n=13
superconduct   split 22 R2=+0.729 n=14
superconduct   split 23 R2=+0.711 n=11
superconduct   split 24 R2=+0.729 n=26
superconduct   split 25 R2=+0.716 n=16
superconduct   split 26 R2=+0.725 n=22
superconduct   split 27 R2=+0.729 n=21
superconduct   split 28 R2=+0.729 n=13
superconduct   split 29 R2=+0.708 n=11
== superconduct: R2 0.725+/-0.008 [0.708,0.740] Jaccard(eq) 0.06 classes 273 stable 1
wrote results/split_stability.json
